// Jest Snapshot v1, https://goo.gl/fbAQLP

exports[`NavBar component login component matches the snapshot 1`] = `
<div
  className="header"
>
  <div
    className="logout"
  />
</div>
`;
