// Jest Snapshot v1, https://goo.gl/fbAQLP

exports[`FAQ component Home commponent matches the snapshot 1`] = `
<div
  className="homePage"
>
  <h1>
    Welcome to Synergy
  </h1>
</div>
`;
